// Jest Snapshot v1, https://goo.gl/fbAQLP

exports[`<JSONModal /> spec renders the component 1`] = `
<div
  class="euiOverlayMask euiOverlayMask--aboveHeader"
>
  <div
    aria-hidden="true"
    data-aria-hidden="true"
    data-focus-guard="true"
    style="width: 1px; height: 0px; padding: 0px; overflow: hidden; position: fixed; top: 1px; left: 1px;"
    tabindex="0"
  />
  <div
    aria-hidden="true"
    data-aria-hidden="true"
    data-focus-guard="true"
    style="width: 1px; height: 0px; padding: 0px; overflow: hidden; position: fixed; top: 1px; left: 1px;"
    tabindex="1"
  />
  <div
    data-focus-lock-disabled="false"
  >
    <div
      class="euiModal euiModal--maxWidth-default"
      style="padding: 5px 30px;"
      tabindex="0"
    >
      <button
        aria-label="Closes this modal window"
        class="euiButtonIcon euiButtonIcon--text euiModal__closeIcon"
        type="button"
      >
        EuiIconMock
      </button>
      <div
        class="euiModal__flex"
      >
        <div
          class="euiModalHeader"
        >
          <div
            class="euiModalHeader__title"
          >
            Some modal title
          </div>
        </div>
        <div
          class="euiModalBody"
        >
          <div
            class="euiModalBody__overflow"
          >
            <div
              class="euiCodeBlock euiCodeBlock--fontMedium euiCodeBlock--paddingMedium euiCodeBlock--hasControls"
              style="max-height: 600px;"
            >
              <pre
                class="euiCodeBlock__pre euiCodeBlock__pre--whiteSpacePreWrap"
                style="max-height: 600px;"
              >
                <code
                  class="euiCodeBlock__code json hljs"
                >
                  {
    
                  <span
                    class="hljs-attr"
                  >
                    "destination"
                  </span>
                  : {
        
                  <span
                    class="hljs-attr"
                  >
                    "slack"
                  </span>
                  : {
            
                  <span
                    class="hljs-attr"
                  >
                    "url"
                  </span>
                  : 
                  <span
                    class="hljs-string"
                  >
                    "&lt;url&gt;"
                  </span>
                  
        }
    },
    
                  <span
                    class="hljs-attr"
                  >
                    "message_template"
                  </span>
                  : {
        
                  <span
                    class="hljs-attr"
                  >
                    "source"
                  </span>
                  : 
                  <span
                    class="hljs-string"
                  >
                    "The index {{ctx.index}} failed during policy execution."
                  </span>
                  
    }
}
                </code>
              </pre>
              <div
                class="euiCodeBlock__controls"
              >
                <button
                  aria-label="Expand"
                  class="euiButtonIcon euiButtonIcon--text euiCodeBlock__fullScreenButton"
                  type="button"
                >
                  EuiIconMock
                </button>
                <div
                  class="euiCodeBlock__copyButton"
                >
                  <span
                    class="euiToolTipAnchor"
                  >
                    <button
                      aria-label="Copy"
                      class="euiButtonIcon euiButtonIcon--text"
                      type="button"
                    >
                      EuiIconMock
                    </button>
                  </span>
                </div>
              </div>
            </div>
          </div>
        </div>
        <div
          class="euiModalFooter"
        >
          <button
            class="euiButtonEmpty euiButtonEmpty--primary"
            data-test-subj="jsonModalCloseButton"
            type="button"
          >
            <span
              class="euiButtonContent euiButtonEmpty__content"
            >
              <span
                class="euiButtonEmpty__text"
              >
                Close
              </span>
            </span>
          </button>
        </div>
      </div>
    </div>
  </div>
  <div
    aria-hidden="true"
    data-aria-hidden="true"
    data-focus-guard="true"
    style="width: 1px; height: 0px; padding: 0px; overflow: hidden; position: fixed; top: 1px; left: 1px;"
    tabindex="0"
  />
</div>
`;
