// Jest Snapshot v1, https://goo.gl/fbAQLP

exports[`<IndexDetail /> spec render the component 1`] = `
<div>
  <div
    class="euiPanel euiPanel--paddingMedium euiPanel--borderRadiusMedium euiPanel--plain euiPanel--hasShadow"
  >
    <h2
      class="euiTitle euiTitle--small"
    >
      Source index details
    </h2>
    <hr
      class="euiHorizontalRule euiHorizontalRule--full euiHorizontalRule--marginXSmall"
    />
    <div
      class="euiSpacer euiSpacer--s"
    />
    <div
      class="euiSpacer euiSpacer--l"
    />
  </div>
</div>
`;
