// Jest Snapshot v1, https://goo.gl/fbAQLP

exports[`SnapshotRenameOptions component renders without error 1`] = `
<div>
  <div>
    <h5>
      Rename restored indices
    </h5>
    <div
      class="euiSpacer euiSpacer--m"
    />
    <div
      class="euiRadio"
    >
      <input
        checked=""
        class="euiRadio__input"
        id="do_not_rename"
        name="rename_option"
        type="radio"
        value=""
      />
      <div
        class="euiRadio__circle"
      />
      <label
        class="euiRadio__label"
        for="do_not_rename"
      >
        Do not rename
      </label>
    </div>
    <div
      class="euiSpacer euiSpacer--s"
    />
    <div
      class="euiRadio"
    >
      <input
        class="euiRadio__input"
        id="add_prefix"
        name="rename_option"
        type="radio"
        value=""
      />
      <div
        class="euiRadio__circle"
      />
      <label
        class="euiRadio__label"
        for="add_prefix"
      >
        Add prefix to restored index names
      </label>
    </div>
    <div
      class="euiSpacer euiSpacer--s"
    />
    <div
      class="euiRadio"
    >
      <input
        class="euiRadio__input"
        id="rename_indices"
        name="rename_option"
        type="radio"
        value=""
      />
      <div
        class="euiRadio__circle"
      />
      <label
        class="euiRadio__label"
        for="rename_indices"
      >
        Rename using regular expression (Advanced)
      </label>
    </div>
  </div>
</div>
`;
