// Jest Snapshot v1, https://goo.gl/fbAQLP

exports[`<TransitionContent /> spec renders the component 1`] = `
<div
  class="euiText euiText--small"
>
  <dl>
    <dt>
      Destination state
    </dt>
    <dd>
      some_state
    </dd>
    <dt>
      Transition trigger logic
    </dt>
    <dd>
      Minimum index age is 30d
    </dd>
  </dl>
</div>
`;
