// Jest Snapshot v1, https://goo.gl/fbAQLP

exports[`<ReindexAdvancedOptions /> spec renders the component 1`] = `
Object {
  "asFragment": [Function],
  "baseElement": <body>
    <div>
      <div>
        <div
          class="euiFormRow"
          id="some_html_id-row"
        >
          <div
            class="euiFormRow__labelWrapper"
          >
            <label
              class="euiFormLabel euiFormRow__label"
              for="some_html_id"
            >
              Reindex only unique documents
            </label>
          </div>
          <div
            class="euiFormRow__fieldWrapper"
          >
            <div
              class="euiFormHelpText euiFormRow__text"
              style="padding-top: 0px; padding-bottom: 4px;"
            >
              You can choose to copy only the documents that do not exist in the destination index. By default, OpenSearch will copy all documents from the source index.
               
              <button
                class="euiLink euiLink--primary"
                type="button"
              >
                Learn more
              </button>
            </div>
            <div
              class="euiCheckbox"
            >
              <input
                checked=""
                class="euiCheckbox__input"
                id="uniqueCheckbox"
                type="checkbox"
              />
              <div
                class="euiCheckbox__square"
              />
              <label
                class="euiCheckbox__label"
                for="uniqueCheckbox"
              >
                Reindex only unique documents
              </label>
            </div>
          </div>
        </div>
        <div
          class="euiSpacer euiSpacer--l"
        />
        <div
          class="euiFormRow"
          id="some_html_id-row"
        >
          <div
            class="euiFormRow__labelWrapper"
          >
            <label
              class="euiFormLabel euiFormRow__label"
              for="some_html_id"
            >
              Version conflicts
            </label>
          </div>
          <div
            class="euiFormRow__fieldWrapper"
          >
            <div
              class="euiFormHelpText euiFormRow__text"
              style="padding-top: 0px; padding-bottom: 4px;"
            >
              Instead of failing the reindexing operation, ignore any version conflicts during reindexing.
               
              <button
                class="euiLink euiLink--primary"
                type="button"
              >
                Learn more
              </button>
            </div>
            <div
              class="euiCheckbox"
            >
              <input
                checked=""
                class="euiCheckbox__input"
                id="ConflictsOptionCheckbox"
                type="checkbox"
              />
              <div
                class="euiCheckbox__square"
              />
              <label
                class="euiCheckbox__label"
                for="ConflictsOptionCheckbox"
              >
                Ignore conflicts during reindexing
              </label>
            </div>
          </div>
        </div>
        <div
          class="euiSpacer euiSpacer--l"
        />
        <div
          class="euiFormRow"
          id="some_html_id-row"
        >
          <div
            class="euiFormRow__labelWrapper"
          >
            <label
              class="euiFormLabel euiFormRow__label"
              for="some_html_id"
            >
              Slice reindexing operation
            </label>
          </div>
          <div
            class="euiFormRow__fieldWrapper"
          >
            <div
              class="euiFormHelpText euiFormRow__text"
              style="padding-top: 0px; padding-bottom: 4px;"
            >
              Divide this reindexing operation into smaller subtasks to run in parallel.
            </div>
            <div
              class="euiCheckbox"
            >
              <input
                checked=""
                class="euiCheckbox__input"
                data-test-subj="sliceEnabled"
                id="sliceEnabledCheckBox"
                type="checkbox"
              />
              <div
                class="euiCheckbox__square"
              />
              <label
                class="euiCheckbox__label"
                for="sliceEnabledCheckBox"
              >
                Slice this reindexing operation
              </label>
            </div>
            <div
              class="euiSpacer euiSpacer--l"
            />
            <div
              data-test-subj="sliceOption"
            >
              <div
                class="euiRadio euiRadioGroup__item"
              >
                <input
                  class="euiRadio__input"
                  id="auto"
                  name="sliceOption"
                  type="radio"
                  value=""
                />
                <div
                  class="euiRadio__circle"
                />
                <label
                  class="euiRadio__label"
                  for="auto"
                >
                  Automatic
                </label>
              </div>
              <div
                class="euiRadio euiRadioGroup__item"
              >
                <input
                  checked=""
                  class="euiRadio__input"
                  id="manual"
                  name="sliceOption"
                  type="radio"
                  value=""
                />
                <div
                  class="euiRadio__circle"
                />
                <label
                  class="euiRadio__label"
                  for="manual"
                >
                  Manually slice into subtasks
                </label>
              </div>
            </div>
          </div>
        </div>
        <div
          class="euiSpacer euiSpacer--l"
        />
        <div
          class="euiFormRow"
          id="some_html_id-row"
        >
          <div
            class="euiFormRow__labelWrapper"
          >
            <label
              aria-invalid="false"
              class="euiFormLabel euiFormRow__label"
              for="some_html_id"
            >
              Number of subtasks
            </label>
          </div>
          <div
            class="euiFormRow__fieldWrapper"
          >
            <div
              class="euiFormHelpText euiFormRow__text"
              style="padding-top: 0px; padding-bottom: 4px;"
            >
              Specify the number of subtasks to divide this operation into.
            </div>
            <div
              class="euiFormControlLayout"
            >
              <div
                class="euiFormControlLayout__childrenWrapper"
              >
                <input
                  class="euiFieldNumber"
                  data-test-subj="slices"
                  min="2"
                  placeholder="Specify a number"
                  type="number"
                  value="5"
                />
              </div>
            </div>
          </div>
        </div>
        <div
          class="euiSpacer euiSpacer--l"
        />
        <div
          class="euiFormRow"
          id="some_html_id-row"
        >
          <div
            class="euiFormRow__labelWrapper"
          >
            <label
              class="euiFormLabel euiFormRow__label"
              for="some_html_id"
            >
              Transform with ingest pipeline
              <i>
                 – optional
              </i>
            </label>
          </div>
          <div
            class="euiFormRow__fieldWrapper"
          >
            <div
              class="euiFormHelpText euiFormRow__text"
              style="padding-top: 0px; padding-bottom: 4px;"
            >
              Select an ingest pipeline to transform documents before writing data to the destination.
               
              <a
                class="euiLink euiLink--primary"
                href="https://opensearch.org/docs/latest/opensearch/reindex-data/#transform-documents-during-reindexing"
                rel="noopener noreferrer"
                target="_blank"
              >
                Learn more
                EuiIconMock
                <span
                  class="euiScreenReaderOnly"
                >
                  (opens in a new tab or window)
                </span>
              </a>
            </div>
            <div
              aria-expanded="false"
              aria-haspopup="listbox"
              aria-label="Ingest Pipeline"
              class="euiComboBox"
              data-test-subj="pipelineCombobox"
              role="combobox"
            >
              <div
                class="euiFormControlLayout"
              >
                <div
                  class="euiFormControlLayout__childrenWrapper"
                >
                  <div
                    class="euiComboBox__inputWrap euiComboBox__inputWrap--noWrap euiComboBox__inputWrap-isClearable"
                    data-test-subj="comboBoxInput"
                    tabindex="-1"
                  >
                    <p
                      class="euiComboBoxPlaceholder"
                    >
                      Select an ingest pipeline
                    </p>
                    <div
                      class="euiComboBox__input"
                      style="font-size: 14px; display: inline-block;"
                    >
                      <input
                        aria-controls=""
                        data-test-subj="comboBoxSearchInput"
                        role="textbox"
                        style="box-sizing: content-box; width: 2px;"
                        value=""
                      />
                      <div
                        style="position: absolute; top: 0px; left: 0px; visibility: hidden; height: 0px; overflow: scroll; white-space: pre; font-family: -webkit-small-control; letter-spacing: normal; text-transform: none;"
                      />
                    </div>
                  </div>
                  <div
                    class="euiFormControlLayoutIcons euiFormControlLayoutIcons--right"
                  >
                    <button
                      aria-label="Open list of options"
                      class="euiFormControlLayoutCustomIcon euiFormControlLayoutCustomIcon--clickable"
                      data-test-subj="comboBoxToggleListButton"
                      type="button"
                    >
                      EuiIconMock
                    </button>
                  </div>
                </div>
              </div>
            </div>
          </div>
        </div>
      </div>
    </div>
  </body>,
  "container": <div>
    <div>
      <div
        class="euiFormRow"
        id="some_html_id-row"
      >
        <div
          class="euiFormRow__labelWrapper"
        >
          <label
            class="euiFormLabel euiFormRow__label"
            for="some_html_id"
          >
            Reindex only unique documents
          </label>
        </div>
        <div
          class="euiFormRow__fieldWrapper"
        >
          <div
            class="euiFormHelpText euiFormRow__text"
            style="padding-top: 0px; padding-bottom: 4px;"
          >
            You can choose to copy only the documents that do not exist in the destination index. By default, OpenSearch will copy all documents from the source index.
             
            <button
              class="euiLink euiLink--primary"
              type="button"
            >
              Learn more
            </button>
          </div>
          <div
            class="euiCheckbox"
          >
            <input
              checked=""
              class="euiCheckbox__input"
              id="uniqueCheckbox"
              type="checkbox"
            />
            <div
              class="euiCheckbox__square"
            />
            <label
              class="euiCheckbox__label"
              for="uniqueCheckbox"
            >
              Reindex only unique documents
            </label>
          </div>
        </div>
      </div>
      <div
        class="euiSpacer euiSpacer--l"
      />
      <div
        class="euiFormRow"
        id="some_html_id-row"
      >
        <div
          class="euiFormRow__labelWrapper"
        >
          <label
            class="euiFormLabel euiFormRow__label"
            for="some_html_id"
          >
            Version conflicts
          </label>
        </div>
        <div
          class="euiFormRow__fieldWrapper"
        >
          <div
            class="euiFormHelpText euiFormRow__text"
            style="padding-top: 0px; padding-bottom: 4px;"
          >
            Instead of failing the reindexing operation, ignore any version conflicts during reindexing.
             
            <button
              class="euiLink euiLink--primary"
              type="button"
            >
              Learn more
            </button>
          </div>
          <div
            class="euiCheckbox"
          >
            <input
              checked=""
              class="euiCheckbox__input"
              id="ConflictsOptionCheckbox"
              type="checkbox"
            />
            <div
              class="euiCheckbox__square"
            />
            <label
              class="euiCheckbox__label"
              for="ConflictsOptionCheckbox"
            >
              Ignore conflicts during reindexing
            </label>
          </div>
        </div>
      </div>
      <div
        class="euiSpacer euiSpacer--l"
      />
      <div
        class="euiFormRow"
        id="some_html_id-row"
      >
        <div
          class="euiFormRow__labelWrapper"
        >
          <label
            class="euiFormLabel euiFormRow__label"
            for="some_html_id"
          >
            Slice reindexing operation
          </label>
        </div>
        <div
          class="euiFormRow__fieldWrapper"
        >
          <div
            class="euiFormHelpText euiFormRow__text"
            style="padding-top: 0px; padding-bottom: 4px;"
          >
            Divide this reindexing operation into smaller subtasks to run in parallel.
          </div>
          <div
            class="euiCheckbox"
          >
            <input
              checked=""
              class="euiCheckbox__input"
              data-test-subj="sliceEnabled"
              id="sliceEnabledCheckBox"
              type="checkbox"
            />
            <div
              class="euiCheckbox__square"
            />
            <label
              class="euiCheckbox__label"
              for="sliceEnabledCheckBox"
            >
              Slice this reindexing operation
            </label>
          </div>
          <div
            class="euiSpacer euiSpacer--l"
          />
          <div
            data-test-subj="sliceOption"
          >
            <div
              class="euiRadio euiRadioGroup__item"
            >
              <input
                class="euiRadio__input"
                id="auto"
                name="sliceOption"
                type="radio"
                value=""
              />
              <div
                class="euiRadio__circle"
              />
              <label
                class="euiRadio__label"
                for="auto"
              >
                Automatic
              </label>
            </div>
            <div
              class="euiRadio euiRadioGroup__item"
            >
              <input
                checked=""
                class="euiRadio__input"
                id="manual"
                name="sliceOption"
                type="radio"
                value=""
              />
              <div
                class="euiRadio__circle"
              />
              <label
                class="euiRadio__label"
                for="manual"
              >
                Manually slice into subtasks
              </label>
            </div>
          </div>
        </div>
      </div>
      <div
        class="euiSpacer euiSpacer--l"
      />
      <div
        class="euiFormRow"
        id="some_html_id-row"
      >
        <div
          class="euiFormRow__labelWrapper"
        >
          <label
            aria-invalid="false"
            class="euiFormLabel euiFormRow__label"
            for="some_html_id"
          >
            Number of subtasks
          </label>
        </div>
        <div
          class="euiFormRow__fieldWrapper"
        >
          <div
            class="euiFormHelpText euiFormRow__text"
            style="padding-top: 0px; padding-bottom: 4px;"
          >
            Specify the number of subtasks to divide this operation into.
          </div>
          <div
            class="euiFormControlLayout"
          >
            <div
              class="euiFormControlLayout__childrenWrapper"
            >
              <input
                class="euiFieldNumber"
                data-test-subj="slices"
                min="2"
                placeholder="Specify a number"
                type="number"
                value="5"
              />
            </div>
          </div>
        </div>
      </div>
      <div
        class="euiSpacer euiSpacer--l"
      />
      <div
        class="euiFormRow"
        id="some_html_id-row"
      >
        <div
          class="euiFormRow__labelWrapper"
        >
          <label
            class="euiFormLabel euiFormRow__label"
            for="some_html_id"
          >
            Transform with ingest pipeline
            <i>
               – optional
            </i>
          </label>
        </div>
        <div
          class="euiFormRow__fieldWrapper"
        >
          <div
            class="euiFormHelpText euiFormRow__text"
            style="padding-top: 0px; padding-bottom: 4px;"
          >
            Select an ingest pipeline to transform documents before writing data to the destination.
             
            <a
              class="euiLink euiLink--primary"
              href="https://opensearch.org/docs/latest/opensearch/reindex-data/#transform-documents-during-reindexing"
              rel="noopener noreferrer"
              target="_blank"
            >
              Learn more
              EuiIconMock
              <span
                class="euiScreenReaderOnly"
              >
                (opens in a new tab or window)
              </span>
            </a>
          </div>
          <div
            aria-expanded="false"
            aria-haspopup="listbox"
            aria-label="Ingest Pipeline"
            class="euiComboBox"
            data-test-subj="pipelineCombobox"
            role="combobox"
          >
            <div
              class="euiFormControlLayout"
            >
              <div
                class="euiFormControlLayout__childrenWrapper"
              >
                <div
                  class="euiComboBox__inputWrap euiComboBox__inputWrap--noWrap euiComboBox__inputWrap-isClearable"
                  data-test-subj="comboBoxInput"
                  tabindex="-1"
                >
                  <p
                    class="euiComboBoxPlaceholder"
                  >
                    Select an ingest pipeline
                  </p>
                  <div
                    class="euiComboBox__input"
                    style="font-size: 14px; display: inline-block;"
                  >
                    <input
                      aria-controls=""
                      data-test-subj="comboBoxSearchInput"
                      role="textbox"
                      style="box-sizing: content-box; width: 2px;"
                      value=""
                    />
                    <div
                      style="position: absolute; top: 0px; left: 0px; visibility: hidden; height: 0px; overflow: scroll; white-space: pre; font-family: -webkit-small-control; letter-spacing: normal; text-transform: none;"
                    />
                  </div>
                </div>
                <div
                  class="euiFormControlLayoutIcons euiFormControlLayoutIcons--right"
                >
                  <button
                    aria-label="Open list of options"
                    class="euiFormControlLayoutCustomIcon euiFormControlLayoutCustomIcon--clickable"
                    data-test-subj="comboBoxToggleListButton"
                    type="button"
                  >
                    EuiIconMock
                  </button>
                </div>
              </div>
            </div>
          </div>
        </div>
      </div>
    </div>
  </div>,
  "debug": [Function],
  "findAllByAltText": [Function],
  "findAllByDisplayValue": [Function],
  "findAllByLabelText": [Function],
  "findAllByPlaceholderText": [Function],
  "findAllByRole": [Function],
  "findAllByTestId": [Function],
  "findAllByText": [Function],
  "findAllByTitle": [Function],
  "findByAltText": [Function],
  "findByDisplayValue": [Function],
  "findByLabelText": [Function],
  "findByPlaceholderText": [Function],
  "findByRole": [Function],
  "findByTestId": [Function],
  "findByText": [Function],
  "findByTitle": [Function],
  "getAllByAltText": [Function],
  "getAllByDisplayValue": [Function],
  "getAllByLabelText": [Function],
  "getAllByPlaceholderText": [Function],
  "getAllByRole": [Function],
  "getAllByTestId": [Function],
  "getAllByText": [Function],
  "getAllByTitle": [Function],
  "getByAltText": [Function],
  "getByDisplayValue": [Function],
  "getByLabelText": [Function],
  "getByPlaceholderText": [Function],
  "getByRole": [Function],
  "getByTestId": [Function],
  "getByText": [Function],
  "getByTitle": [Function],
  "queryAllByAltText": [Function],
  "queryAllByDisplayValue": [Function],
  "queryAllByLabelText": [Function],
  "queryAllByPlaceholderText": [Function],
  "queryAllByRole": [Function],
  "queryAllByTestId": [Function],
  "queryAllByText": [Function],
  "queryAllByTitle": [Function],
  "queryByAltText": [Function],
  "queryByDisplayValue": [Function],
  "queryByLabelText": [Function],
  "queryByPlaceholderText": [Function],
  "queryByRole": [Function],
  "queryByTestId": [Function],
  "queryByText": [Function],
  "queryByTitle": [Function],
  "rerender": [Function],
  "unmount": [Function],
}
`;
