// Jest Snapshot v1, https://goo.gl/fbAQLP

exports[`<TemplateDetail /> spec render component 1`] = `
<div>
  <div
    class="euiFlexGroup euiFlexGroup--gutterLarge euiFlexGroup--alignItemsCenter euiFlexGroup--directionRow euiFlexGroup--responsive"
  >
    <div
      class="euiFlexItem"
    >
      <h1
        class="euiTitle euiTitle--large"
      >
        Create
         composable template
      </h1>
      <div
        class="euiFormRow euiFormRow--fullWidth"
        id="some_html_id-row"
      >
        <div
          class="euiFormRow__fieldWrapper"
        >
          <div
            class="euiFormHelpText euiFormRow__text"
            style="padding-top: 0px; padding-bottom: 4px;"
          >
            <div>
              Template components let you initialize new templates with predefined mappings and settings.
               
              <button
                class="euiLink euiLink--primary"
                type="button"
              >
                Learn more.
              </button>
            </div>
          </div>
        </div>
      </div>
    </div>
  </div>
  <div
    class="euiSpacer euiSpacer--l"
  />
  <div
    class="euiPanel euiPanel--paddingMedium euiPanel--borderRadiusMedium euiPanel--plain euiPanel--hasShadow"
    style="padding-left: 0px; padding-right: 0px;"
  >
    <div
      class="euiFlexGroup euiFlexGroup--gutterLarge euiFlexGroup--alignItemsFlexStart euiFlexGroup--justifyContentSpaceBetween euiFlexGroup--directionRow euiFlexGroup--responsive"
      style="padding: 0px 10px;"
    >
      <div
        class="euiFlexItem"
      >
        <h3
          class="euiTitle euiTitle--small"
        >
          Define template
          <span
            class="panel-header-count"
          >
             
             
          </span>
        </h3>
      </div>
    </div>
    <hr
      class="euiHorizontalRule euiHorizontalRule--full euiHorizontalRule--marginXSmall"
    />
    <div
      style="padding: 0px 10px;"
    >
      <div
        class="euiSpacer euiSpacer--s"
      />
      <div
        class="euiFormRow"
        data-test-subj="form-row-name"
        id="some_html_id-row"
      >
        <div
          class="euiFormRow__labelWrapper"
        >
          <label
            aria-invalid="false"
            class="euiFormLabel euiFormRow__label"
            for="some_html_id"
          >
            Template name
          </label>
        </div>
        <div
          class="euiFormRow__fieldWrapper"
        >
          <span
            class="euiToolTipAnchor euiToolTipAnchor--displayBlock"
          >
            <div
              class="euiFormControlLayout"
            >
              <div
                class="euiFormControlLayout__childrenWrapper"
              >
                <input
                  class="euiFieldText"
                  type="text"
                  value=""
                />
              </div>
            </div>
          </span>
          <div
            class="euiFormHelpText euiFormRow__text"
            id="some_html_id-help-0"
          >
            <div>
              Template name cannot be changed after the template is created.
            </div>
            <div>
              Must be in lowercase letters. Cannot begin with underscores. Spaces, commas, and characters *, # are not allowed.
            </div>
          </div>
        </div>
      </div>
      <div
        class="euiSpacer euiSpacer--l"
      />
      <div
        class="euiFormRow"
        data-test-subj="form-row-_meta.description"
        id="some_html_id-row"
      >
        <div
          class="euiFormRow__labelWrapper"
        >
          <label
            aria-invalid="false"
            class="euiFormLabel euiFormRow__label"
            for="some_html_id"
          >
            Descriptions
          </label>
        </div>
        <div
          class="euiFormRow__fieldWrapper"
        >
          <span
            class="euiToolTipAnchor euiToolTipAnchor--displayBlock"
          >
            <div
              class="euiFormControlLayout"
            >
              <div
                class="euiFormControlLayout__childrenWrapper"
              >
                <input
                  class="euiFieldText"
                  type="text"
                  value=""
                />
              </div>
            </div>
          </span>
        </div>
      </div>
      <div
        class="euiSpacer euiSpacer--l"
      />
      <div
        class="euiFormRow"
        data-test-subj="form-row-includes.aliases"
        id="some_html_id-row"
      >
        <div
          class="euiFormRow__labelWrapper"
        >
          <label
            aria-invalid="false"
            class="euiFormLabel euiFormRow__label"
            for="some_html_id"
          >
            Includes
          </label>
        </div>
        <div
          class="euiFormRow__fieldWrapper"
        >
          <span
            class="euiToolTipAnchor euiToolTipAnchor--displayBlock"
          >
            <div
              class="euiCheckbox"
            >
              <input
                class="euiCheckbox__input"
                id="builtInCheckBoxId-0"
                type="checkbox"
              />
              <div
                class="euiCheckbox__square"
              />
              <label
                class="euiCheckbox__label"
                for="builtInCheckBoxId-0"
              >
                Index alias
              </label>
            </div>
          </span>
          <span
            class="euiToolTipAnchor euiToolTipAnchor--displayBlock"
          >
            <div
              class="euiCheckbox"
            >
              <input
                class="euiCheckbox__input"
                id="builtInCheckBoxId-1"
                type="checkbox"
              />
              <div
                class="euiCheckbox__square"
              />
              <label
                class="euiCheckbox__label"
                for="builtInCheckBoxId-1"
              >
                Index settings
              </label>
            </div>
          </span>
          <span
            class="euiToolTipAnchor euiToolTipAnchor--displayBlock"
          >
            <div
              class="euiCheckbox"
            >
              <input
                class="euiCheckbox__input"
                id="builtInCheckBoxId-2"
                type="checkbox"
              />
              <div
                class="euiCheckbox__square"
              />
              <label
                class="euiCheckbox__label"
                for="builtInCheckBoxId-2"
              >
                Index mappings
              </label>
            </div>
          </span>
        </div>
      </div>
    </div>
  </div>
  <div
    class="euiSpacer euiSpacer--l"
  />
  <div
    class="euiSpacer euiSpacer--l"
  />
  <div
    class="euiFlexGroup euiFlexGroup--gutterLarge euiFlexGroup--alignItemsCenter euiFlexGroup--justifyContentFlexEnd euiFlexGroup--directionRow euiFlexGroup--responsive"
  >
    <div
      class="euiFlexItem euiFlexItem--flexGrowZero"
    >
      <button
        class="euiButtonEmpty euiButtonEmpty--primary"
        data-test-subj="CreateComposableTemplateCancelButton"
        type="button"
      >
        <span
          class="euiButtonContent euiButtonEmpty__content"
        >
          <span
            class="euiButtonEmpty__text"
          >
            Cancel
          </span>
        </span>
      </button>
    </div>
    <div
      class="euiFlexItem euiFlexItem--flexGrowZero"
    >
      <button
        class="euiButton euiButton--primary euiButton--fill"
        data-test-subj="CreateComposableTemplateCreateButton"
        type="button"
      >
        <span
          class="euiButtonContent euiButton__content"
        >
          <span
            class="euiButton__text"
          >
            Create template
          </span>
        </span>
      </button>
    </div>
  </div>
</div>
`;
