// Jest Snapshot v1, https://goo.gl/fbAQLP

exports[`<ShrinkIndexFlyout /> spec renders the component 1`] = `
HTMLCollection [
  <div
    aria-hidden="true"
    data-aria-hidden="true"
  />,
  <div
    class="euiOverlayMask euiOverlayMask--belowHeader"
  >
    <div
      aria-hidden="true"
      data-aria-hidden="true"
      data-focus-guard="true"
      style="width: 1px; height: 0px; padding: 0px; overflow: hidden; position: fixed; top: 1px; left: 1px;"
      tabindex="0"
    />
    <div
      data-focus-lock-disabled="false"
    >
      <div
        class="euiFlyout euiFlyout--medium euiFlyout--paddingLarge"
        role="dialog"
        style="max-width: 600px;"
        tabindex="-1"
      >
        <div
          class="euiFlyoutHeader euiFlyoutHeader--hasBorder"
        >
          <h2
            class="euiTitle euiTitle--medium"
            id="flyoutTitle"
          >
             Shrink index
          </h2>
        </div>
        <div
          class="euiFlyoutBody"
        >
          <div
            class="euiFlyoutBody__overflow"
            tabindex="0"
          >
            <div
              class="euiFlyoutBody__overflowContent"
            >
              <div
                class="euiPanel euiPanel--paddingMedium euiPanel--borderRadiusMedium euiPanel--plain euiPanel--hasShadow"
                style="padding-left: 0px; padding-right: 0px;"
              >
                <div
                  class="euiFlexGroup euiFlexGroup--gutterLarge euiFlexGroup--alignItemsFlexStart euiFlexGroup--justifyContentSpaceBetween euiFlexGroup--directionRow euiFlexGroup--responsive"
                  style="padding: 0px 10px;"
                >
                  <div
                    class="euiFlexItem"
                  >
                    <h3
                      class="euiTitle euiTitle--small"
                    >
                      Source index details
                    </h3>
                  </div>
                </div>
                <hr
                  class="euiHorizontalRule euiHorizontalRule--full euiHorizontalRule--marginXSmall"
                />
                <div
                  style="padding: 0px 10px;"
                >
                  <div
                    class="euiBasicTable euiBasicTable-loading"
                  >
                    <div>
                      <div
                        class="euiTableHeaderMobile"
                      >
                        <div
                          class="euiFlexGroup euiFlexGroup--gutterLarge euiFlexGroup--alignItemsBaseline euiFlexGroup--justifyContentSpaceBetween euiFlexGroup--directionRow"
                        >
                          <div
                            class="euiFlexItem euiFlexItem--flexGrowZero"
                          />
                          <div
                            class="euiFlexItem euiFlexItem--flexGrowZero"
                          />
                        </div>
                      </div>
                      <table
                        class="euiTable euiTable--responsive"
                        id="some_html_id"
                        tabindex="-1"
                      >
                        <caption
                          class="euiScreenReaderOnly euiTableCaption"
                        />
                        <thead>
                          <tr>
                            <th
                              class="euiTableHeaderCell"
                              data-test-subj="tableHeaderCell_index_0"
                              role="columnheader"
                              scope="col"
                            >
                              <span
                                class="euiTableCellContent"
                              >
                                <span
                                  class="euiTableCellContent__text"
                                  title="Index name"
                                >
                                  Index name
                                </span>
                              </span>
                            </th>
                            <th
                              class="euiTableHeaderCell"
                              data-test-subj="tableHeaderCell_pri_1"
                              role="columnheader"
                              scope="col"
                            >
                              <span
                                class="euiTableCellContent"
                              >
                                <span
                                  class="euiTableCellContent__text"
                                  title="Primary shards"
                                >
                                  Primary shards
                                </span>
                              </span>
                            </th>
                            <th
                              class="euiTableHeaderCell"
                              data-test-subj="tableHeaderCell_rep_2"
                              role="columnheader"
                              scope="col"
                            >
                              <span
                                class="euiTableCellContent"
                              >
                                <span
                                  class="euiTableCellContent__text"
                                  title="Replica shards"
                                >
                                  Replica shards
                                </span>
                              </span>
                            </th>
                            <th
                              class="euiTableHeaderCell"
                              data-test-subj="tableHeaderCell_store.size_3"
                              role="columnheader"
                              scope="col"
                            >
                              <span
                                class="euiTableCellContent"
                              >
                                <span
                                  class="euiTableCellContent__text"
                                  title="Total index size"
                                >
                                  Total index size
                                </span>
                              </span>
                            </th>
                          </tr>
                        </thead>
                        <tbody>
                          <tr
                            class="euiTableRow"
                          >
                            <td
                              class="euiTableRowCell euiTableRowCell--isMobileFullWidth"
                              colspan="4"
                            >
                              <div
                                class="euiTableCellContent euiTableCellContent--alignCenter"
                              >
                                <span
                                  class="euiTableCellContent__text"
                                >
                                  No items found
                                </span>
                              </div>
                            </td>
                          </tr>
                        </tbody>
                      </table>
                    </div>
                  </div>
                  <div
                    class="euiSpacer euiSpacer--l"
                  />
                </div>
              </div>
            </div>
          </div>
        </div>
        <div
          class="euiFlyoutFooter"
        >
          <div
            class="euiFlexGroup euiFlexGroup--gutterLarge euiFlexGroup--justifyContentFlexEnd euiFlexGroup--directionRow euiFlexGroup--responsive"
          >
            <div
              class="euiFlexItem euiFlexItem--flexGrowZero"
            >
              <button
                class="euiButtonEmpty euiButtonEmpty--primary euiButtonEmpty--flushLeft"
                data-test-subj="shrinkIndexCloseButton"
                type="button"
              >
                <span
                  class="euiButtonContent euiButtonEmpty__content"
                >
                  <span
                    class="euiButtonEmpty__text"
                  >
                    Cancel
                  </span>
                </span>
              </button>
            </div>
            <div
              class="euiFlexItem euiFlexItem--flexGrowZero"
            >
              <button
                class="euiButton euiButton--primary euiButton--fill euiButton-isDisabled"
                data-test-subj="shrinkIndexConfirmButton"
                disabled=""
                type="button"
              >
                <span
                  class="euiButtonContent euiButton__content"
                >
                  <span
                    class="euiButton__text"
                  >
                    Shrink index
                  </span>
                </span>
              </button>
            </div>
          </div>
        </div>
      </div>
    </div>
    <div
      aria-hidden="true"
      data-aria-hidden="true"
      data-focus-guard="true"
      style="width: 1px; height: 0px; padding: 0px; overflow: hidden; position: fixed; top: 1px; left: 1px;"
      tabindex="0"
    />
  </div>,
]
`;
