// Jest Snapshot v1, https://goo.gl/fbAQLP

exports[`<FormGenerator /> spec render the component 1`] = `
HTMLCollection [
  <div>
    <div
      class="euiFormRow"
      id="some_html_id-row"
    >
      <div
        class="euiFormRow__fieldWrapper"
      >
        <div
          class="euiFormHelpText euiFormRow__text"
          style="padding-top: 0px; padding-bottom: 4px;"
        >
          test
        </div>
        <h1>
          test custom form row
        </h1>
      </div>
    </div>
  </div>,
]
`;
