// Jest Snapshot v1, https://goo.gl/fbAQLP

exports[`<PolicySettings /> spec renders the component 1`] = `
<div
  class="euiPanel euiPanel--paddingMedium euiPanel--borderRadiusMedium euiPanel--plain euiPanel--hasShadow"
>
  <div
    class="euiFlexGroup euiFlexGroup--gutterExtraSmall euiFlexGroup--alignItemsCenter euiFlexGroup--directionRow euiFlexGroup--responsive"
  >
    <h2
      class="euiTitle euiTitle--small"
    >
      Policy settings
    </h2>
  </div>
  <hr
    class="euiHorizontalRule euiHorizontalRule--full euiHorizontalRule--marginXSmall"
  />
  <div>
    <div
      class="euiFlexGrid euiFlexGrid--gutterLarge euiFlexGrid--fourths euiFlexGrid--responsive"
    >
      <div
        class="euiFlexItem"
      >
        <div
          class="euiText euiText--small"
        >
          <dt>
            Policy name
          </dt>
          <dd>
            some_id
          </dd>
        </div>
      </div>
      <div
        class="euiFlexItem"
      >
        <div
          class="euiText euiText--small"
        >
          <dt>
            Error notification
          </dt>
          <dd>
            -
          </dd>
        </div>
      </div>
      <div
        class="euiFlexItem"
      >
        <div
          class="euiText euiText--small"
        >
          <dt>
            Primary term
          </dt>
          <dd>
            1
          </dd>
        </div>
      </div>
      <div
        class="euiFlexItem"
      >
        <div
          class="euiText euiText--small"
        >
          <dt>
            Last updated
          </dt>
          <dd>
            01/08/2021, 12:00:00 am
          </dd>
        </div>
      </div>
      <div
        class="euiFlexItem"
      >
        <div
          class="euiText euiText--small"
        >
          <dt>
            Policy description
          </dt>
          <dd>
            some description
          </dd>
        </div>
      </div>
      <div
        class="euiFlexItem"
      >
        <div
          class="euiText euiText--small"
        >
          <dt>
            Sequence number
          </dt>
          <dd>
            2
          </dd>
        </div>
      </div>
    </div>
  </div>
</div>
`;
