// Jest Snapshot v1, https://goo.gl/fbAQLP

exports[`<SplitIndex /> spec renders the component 1`] = `
HTMLCollection [
  <div>
    <div
      style="padding: 0px 50px;"
    >
      <h1
        class="euiTitle euiTitle--large"
      >
        Split index
      </h1>
      <div
        class="euiText euiText--small"
        style="padding: 5px 0px;"
      >
        <div
          class="euiTextColor euiTextColor--subdued"
        >
          <p
            style="font-weight: 200;"
          >
            Split an existing read-only index into a new index with more primary shards .   
            <a
              class="euiLink euiLink--primary"
              href="https://opensearch.org/docs/latest/api-reference/index-apis/split/"
              rel="noopener noreferrer"
              target="_blank"
            >
              Learn more.
              EuiIconMock
              <span
                class="euiScreenReaderOnly"
              >
                (opens in a new tab or window)
              </span>
            </a>
          </p>
        </div>
      </div>
      <div
        class="euiSpacer euiSpacer--l"
      />
    </div>
  </div>,
]
`;
