// Jest Snapshot v1, https://goo.gl/fbAQLP

exports[`<ErrorNotification /> spec renders the component 1`] = `
<div
  class="euiPanel euiPanel--paddingMedium euiPanel--borderRadiusMedium euiPanel--plain euiPanel--hasShadow"
  style="padding-left: 0px; padding-right: 0px;"
>
  <div
    class="euiFlexGroup euiFlexGroup--gutterLarge euiFlexGroup--alignItemsCenter euiFlexGroup--justifyContentSpaceBetween euiFlexGroup--directionRow euiFlexGroup--responsive"
    style="padding: 0px 10px;"
  >
    <div
      class="euiFlexItem"
    >
      <div
        class="euiFlexGroup euiFlexGroup--gutterExtraSmall euiFlexGroup--alignItemsCenter euiFlexGroup--directionRow euiFlexGroup--responsive"
      >
        <div
          class="euiFlexItem euiFlexItem--flexGrowZero"
        >
          <div
            class="euiText euiText--medium"
          >
            <h3>
              Error notification
            </h3>
          </div>
        </div>
        <div
          class="euiFlexItem"
        >
          <div
            class="euiText euiText--medium"
          >
            <div
              class="euiTextColor euiTextColor--subdued"
            >
              <i>
                 - optional
              </i>
            </div>
          </div>
        </div>
      </div>
      <div
        class="euiText euiText--small"
        style="padding: 5px 0px;"
      >
        <div
          class="euiTextColor euiTextColor--subdued"
        >
          <p
            style="font-weight: 200;"
          >
            You can set up an error notification for when a policy execution fails.
             
            <a
              class="euiLink euiLink--primary"
              href="https://opensearch.org/docs/im-plugin/ism/policies/#error-notifications"
              rel="noopener noreferrer"
              target="_blank"
            >
              Learn more 
              <svg
                aria-hidden="true"
                class="euiIcon euiIcon--small euiIcon-isLoading"
                focusable="false"
                height="16"
                role="img"
                viewBox="0 0 16 16"
                width="16"
                xmlns="http://www.w3.org/2000/svg"
              />
              <svg
                aria-hidden="true"
                aria-label="External link"
                class="euiIcon euiIcon--small euiIcon-isLoading euiLink__externalIcon"
                focusable="false"
                height="16"
                role="img"
                viewBox="0 0 16 16"
                width="16"
                xmlns="http://www.w3.org/2000/svg"
              />
              <span
                class="euiScreenReaderOnly"
              >
                (opens in a new tab or window)
              </span>
            </a>
          </p>
        </div>
      </div>
    </div>
  </div>
  <hr
    class="euiHorizontalRule euiHorizontalRule--full euiHorizontalRule--marginXSmall"
  />
  <div
    style="padding: initial;"
  >
    <div
      style="padding: 10px 0px 0px 10px;"
    >
      <div
        class="euiFormRow euiFormRow--fullWidth"
        id="some_html_id-row"
        style="max-width: 100%;"
      >
        <div
          class="euiFormRow__fieldWrapper"
        >
          <div
            class="euiCodeEditorWrapper"
            data-test-subj="create-policy-legacy-notification"
            style="width: 100%; height: 300px;"
          >
            <button
              class="euiCodeEditorKeyboardHint"
              data-test-subj="codeEditorHint"
              id="some_html_id"
            >
              <p
                class="euiText"
              >
                Press Enter to start editing.
              </p>
              <p
                class="euiText"
              >
                When you're done, press Escape to stop editing.
              </p>
            </button>
            <div
              class=" ace_editor ace-tm"
              id="some_html_id"
              style="width: 100%; height: 300px; font-size: 14px;"
            >
              <textarea
                aria-label="Code Editor"
                autocapitalize="off"
                autocorrect="off"
                class="ace_text-input"
                spellcheck="false"
                style="opacity: 0;"
                tabindex="-1"
                wrap="off"
              />
              <div
                aria-hidden="true"
                class="ace_gutter"
              >
                <div
                  class="ace_layer ace_gutter-layer ace_folding-enabled"
                />
                <div
                  class="ace_gutter-active-line"
                />
              </div>
              <div
                class="ace_scroller"
              >
                <div
                  class="ace_content"
                >
                  <div
                    class="ace_layer ace_print-margin-layer"
                  >
                    <div
                      class="ace_print-margin"
                      style="left: 4px; visibility: visible;"
                    />
                  </div>
                  <div
                    class="ace_layer ace_marker-layer"
                  />
                  <div
                    class="ace_layer ace_text-layer"
                    style="padding: 0px 4px;"
                  />
                  <div
                    class="ace_layer ace_marker-layer"
                  />
                  <div
                    class="ace_layer ace_cursor-layer ace_hidden-cursors"
                  >
                    <div
                      class="ace_cursor"
                    />
                  </div>
                </div>
              </div>
              <div
                class="ace_scrollbar ace_scrollbar-v"
                style="display: none; width: 20px;"
              >
                <div
                  class="ace_scrollbar-inner"
                  style="width: 20px;"
                />
              </div>
              <div
                class="ace_scrollbar ace_scrollbar-h"
                style="display: none; height: 20px;"
              >
                <div
                  class="ace_scrollbar-inner"
                  style="height: 20px;"
                />
              </div>
              <div
                style="height: auto; width: auto; top: 0px; left: 0px; visibility: hidden; position: absolute; white-space: pre; overflow: hidden;"
              >
                <div
                  style="height: auto; width: auto; top: 0px; left: 0px; visibility: hidden; position: absolute; white-space: pre; overflow: visible;"
                />
                <div
                  style="height: auto; width: auto; top: 0px; left: 0px; visibility: hidden; position: absolute; white-space: pre; overflow: visible;"
                >
                  XXXXXXXXXXXXXXXXXXXXXXXXXXXXXXXXXXXXXXXXXXXXXXXXXXXXXXXXXXXXXXXXXXXXXXXXXXXXXXXXXXXXXXXXXXXXXXXXXXXX
                </div>
              </div>
            </div>
          </div>
        </div>
      </div>
    </div>
  </div>
</div>
`;
