// Jest Snapshot v1, https://goo.gl/fbAQLP

exports[`<TimeoutRetrySettings /> spec renders the component 1`] = `
<div
  class="euiAccordion"
>
  <div
    class="euiAccordion__triggerWrapper"
  >
    <button
      aria-controls="timeout-retry-settings"
      aria-expanded="false"
      class="euiAccordion__button"
      id="some_html_id"
      type="button"
    >
      <span
        class="euiAccordion__iconWrapper"
      >
        <svg
          aria-hidden="true"
          class="euiIcon euiIcon--medium euiIcon-isLoading euiAccordion__icon"
          focusable="false"
          height="16"
          role="img"
          viewBox="0 0 16 16"
          width="16"
          xmlns="http://www.w3.org/2000/svg"
        />
      </span>
      <span
        class="euiIEFlexWrapFix"
      >
        Timeout and retry settings
      </span>
    </button>
  </div>
  <div
    aria-labelledby="some_html_id"
    class="euiAccordion__childWrapper"
    id="timeout-retry-settings"
    role="region"
    tabindex="-1"
  >
    <div>
      <div
        class=""
      >
        <div
          class="euiFlexGroup euiFlexGroup--gutterLarge euiFlexGroup--directionColumn euiFlexGroup--responsive"
          style="padding: 5px 28px;"
        >
          <div
            class="euiFlexItem"
          >
            <div
              class="euiText euiText--medium"
            >
              <p>
                <span
                  style="color: grey; font-weight: 200; font-size: 15px;"
                >
                  Timeout and retry settings are supported to handle an action failure. You can specify parameters based on your need.
                </span>
              </p>
            </div>
          </div>
          <div
            class="euiFlexItem"
          >
            <div
              class="euiText euiText--medium"
              style="margin-bottom: 5px;"
            >
              <h5
                class="euiFormLabel "
                style="margin-bottom: 2px;"
              >
                Timeout
              </h5>
              <p>
                 
                <span
                  style="font-weight: 200; font-size: 12px;"
                >
                  The timeout period for the action. Accepts time units, e.g. "5h" or "1d".
                   
                </span>
              </p>
            </div>
            <div
              class="euiFormRow euiFormRow--fullWidth"
              id="some_html_id-row"
            >
              <div
                class="euiFormRow__fieldWrapper"
              >
                <div
                  class="euiFlexGroup euiFlexGroup--gutterLarge euiFlexGroup--directionRow euiFlexGroup--responsive"
                  id="some_html_id"
                >
                  <div
                    class="euiFlexItem"
                  >
                    <div
                      class="euiFormControlLayout euiFormControlLayout--fullWidth"
                    >
                      <div
                        class="euiFormControlLayout__childrenWrapper"
                      >
                        <input
                          class="euiFieldText euiFieldText--fullWidth"
                          type="text"
                          value=""
                        />
                      </div>
                    </div>
                  </div>
                </div>
              </div>
            </div>
          </div>
          <div
            class="euiFlexItem"
          >
            <div
              class="euiText euiText--medium"
              style="margin-bottom: 5px;"
            >
              <h5
                class="euiFormLabel "
                style="margin-bottom: 2px;"
              >
                Retry count
              </h5>
              <p>
                 
                <span
                  style="font-weight: 200; font-size: 12px;"
                >
                  The number of times the action should be retried if it fails. Must be greater than 0.
                   
                </span>
              </p>
            </div>
            <div
              class="euiFormRow euiFormRow--fullWidth"
              id="some_html_id-row"
            >
              <div
                class="euiFormRow__fieldWrapper"
              >
                <div
                  class="euiFlexGroup euiFlexGroup--gutterLarge euiFlexGroup--directionRow euiFlexGroup--responsive"
                  id="some_html_id"
                >
                  <div
                    class="euiFlexItem"
                  >
                    <div
                      class="euiFormControlLayout euiFormControlLayout--fullWidth"
                    >
                      <div
                        class="euiFormControlLayout__childrenWrapper"
                      >
                        <input
                          class="euiFieldNumber euiFieldNumber--fullWidth"
                          min="0"
                          type="number"
                          value=""
                        />
                      </div>
                    </div>
                  </div>
                </div>
              </div>
            </div>
          </div>
          <div
            class="euiFlexItem"
          >
            <div
              class="euiText euiText--medium"
              style="margin-bottom: 5px;"
            >
              <h5
                class="euiFormLabel "
                style="margin-bottom: 2px;"
              >
                Retry backoff
              </h5>
              <p>
                 
                <span
                  style="font-weight: 200; font-size: 12px;"
                >
                  The backoff policy type to use when retrying.
                   
                </span>
              </p>
            </div>
            <div
              class="euiFormRow euiFormRow--fullWidth"
              id="some_html_id-row"
            >
              <div
                class="euiFormRow__fieldWrapper"
              >
                <div
                  class="euiFormControlLayout euiFormControlLayout--fullWidth"
                >
                  <div
                    class="euiFormControlLayout__childrenWrapper"
                  >
                    <select
                      class="euiSelect euiSelect--fullWidth"
                      id="some_html_id"
                    >
                      <option
                        value="exponential"
                      >
                        Exponential
                      </option>
                      <option
                        value="constant"
                      >
                        Constant
                      </option>
                      <option
                        value="linear"
                      >
                        Linear
                      </option>
                    </select>
                    <div
                      class="euiFormControlLayoutIcons euiFormControlLayoutIcons--right"
                    >
                      <span
                        class="euiFormControlLayoutCustomIcon"
                      >
                        <svg
                          aria-hidden="true"
                          class="euiIcon euiIcon--medium euiIcon-isLoading euiFormControlLayoutCustomIcon__icon"
                          focusable="false"
                          height="16"
                          role="img"
                          viewBox="0 0 16 16"
                          width="16"
                          xmlns="http://www.w3.org/2000/svg"
                        />
                      </span>
                    </div>
                  </div>
                </div>
              </div>
            </div>
          </div>
          <div
            class="euiFlexItem"
          >
            <div
              class="euiText euiText--medium"
              style="margin-bottom: 5px;"
            >
              <h5
                class="euiFormLabel "
                style="margin-bottom: 2px;"
              >
                Retry delay
              </h5>
              <p>
                 
                <span
                  style="font-weight: 200; font-size: 12px;"
                >
                  The time to wait between retries. Accepts time units, e.g. "2h" or "1d"
                   
                </span>
              </p>
            </div>
            <div
              class="euiFormRow euiFormRow--fullWidth"
              id="some_html_id-row"
            >
              <div
                class="euiFormRow__fieldWrapper"
              >
                <div
                  class="euiFlexGroup euiFlexGroup--gutterLarge euiFlexGroup--directionRow euiFlexGroup--responsive"
                  id="some_html_id"
                >
                  <div
                    class="euiFlexItem"
                  >
                    <div
                      class="euiFormControlLayout euiFormControlLayout--fullWidth"
                    >
                      <div
                        class="euiFormControlLayout__childrenWrapper"
                      >
                        <input
                          class="euiFieldText euiFieldText--fullWidth"
                          type="text"
                          value=""
                        />
                      </div>
                    </div>
                  </div>
                </div>
              </div>
            </div>
          </div>
        </div>
      </div>
    </div>
  </div>
</div>
`;
