// Jest Snapshot v1, https://goo.gl/fbAQLP

exports[`ConvertIndexToRemoteUIAction component renders with custom values 1`] = `
<DocumentFragment>
  <div
    class="euiText euiText--small"
    style="margin-bottom: 5px;"
  >
    <h3
      class="euiFormLabel"
      style="margin-bottom: 2px;"
    >
      Repository
    </h3>
  </div>
</DocumentFragment>
`;

exports[`ConvertIndexToRemoteUIAction component renders with default values 1`] = `
<DocumentFragment>
  <div
    class="euiText euiText--small"
    style="margin-bottom: 5px;"
  >
    <h3
      class="euiFormLabel"
      style="margin-bottom: 2px;"
    >
      Repository
    </h3>
  </div>
</DocumentFragment>
`;

